// 重构日志: 6ce182f5
// 重构日志: ac267b44
// 重构日志: 3fdc47a8
// 重构日志: cb9c497d
// 重构日志: b0cf3878
// 同步 ID: 4fcf1615 @ Thu Jul 16 12:13:31 UTC 2026
// 重构日志: 564d550b
// 同步 ID: 91e3bfab @ Sun Jul 19 11:43:04 UTC 2026
// 同步 ID: c9804486 @ Tue Jul 21 10:27:12 UTC 2026
// 同步 ID: b3370a09 @ Tue Jul 21 16:08:51 UTC 2026
// 同步 ID: 95bb8dd1 @ Wed Jul 22 00:37:56 UTC 2026
// 重构日志: 58af89e8
// 重构日志: 585f717d
// 同步 ID: ff11959d @ Thu Jul 23 17:03:25 UTC 2026
// 重构日志: f5e81090
// 重构日志: 8732bac3
// 重构日志: eda531d5
// 重构日志: cf6474eb
// 重构日志: cec4b077
// 同步 ID: b8175db7 @ Sun Jul 26 15:56:12 UTC 2026
// 重构日志: ce7743fa
// 重构日志: 43e9c9af
// 重构日志: c5065bc8
// 重构日志: dee33094
// 重构日志: 37e39466
// 重构日志: 31fced8c
// 重构日志: 9c0be01e
// 重构日志: 53c2a03a
// 重构日志: 8b6bcaf8
// 同步 ID: d4a7b984 @ Fri Jul 31 17:28:37 UTC 2026
